// Vitest Snapshot v1, https://vitest.dev/guide/snapshot.html

exports[`settingsSelectors > currentSystemAgent > should merge DEFAULT_SYSTEM_AGENT_CONFIG and s.settings.systemAgent correctly 1`] = `
{
  "agentMeta": {
    "model": "claude-sonnet-4-6",
    "provider": "anthropic",
  },
  "enableAutoReply": true,
  "generationTopic": {
    "model": "gpt-5-mini",
    "provider": "openai",
  },
  "historyCompress": {
    "model": "claude-sonnet-4-6",
    "provider": "anthropic",
  },
  "queryRewrite": {
    "enabled": true,
    "model": "gpt-5-mini",
    "provider": "openai",
  },
  "replyMessage": "Custom auto reply",
  "thread": {
    "model": "claude-sonnet-4-6",
    "provider": "anthropic",
  },
  "topic": {
    "model": "gpt-5-mini",
    "provider": "openai",
  },
  "translation": {
    "model": "gpt-5-mini",
    "provider": "openai",
  },
}
`;

exports[`settingsSelectors > defaultAgentMeta > should merge DEFAULT_AGENT_META and defaultAgent(s).meta correctly 1`] = `
{
  "avatar": "agent-avatar.jpg",
  "description": "Test agent",
}
`;

exports[`settingsSelectors > getHotkeyById > should return default hotkey if not defined in settings 1`] = `undefined`;

exports[`settingsSelectors > getHotkeyById > should return the hotkey config for a given id 1`] = `
{
  "hotkey": "ctrl+shift+f",
  "scope": "global",
}
`;
